../Drivers/CMSIS/Include/core_cm4.h:2059:26:ITM_SendChar	16	static,ignoring_inline_asm
../Core/Src/main.c:88:5:main	416	static
../Core/Src/main.c:194:6:SystemClock_Config	96	static
../Core/Src/main.c:242:6:PeriphCommonClock_Config	144	static
../Core/Src/main.c:268:13:MX_ADC1_Init	48	static
../Core/Src/main.c:335:13:MX_ADC2_Init	32	static
../Core/Src/main.c:402:13:MX_ADC3_Init	32	static
../Core/Src/main.c:460:13:MX_I2C2_Init	8	static
../Core/Src/main.c:508:13:MX_TIM1_Init	112	static
../Core/Src/main.c:601:13:MX_TIM2_Init	56	static
../Core/Src/main.c:650:13:MX_TIM3_Init	56	static
../Core/Src/main.c:699:13:MX_TIM4_Init	56	static
../Core/Src/main.c:748:13:MX_TIM5_Init	40	static
../Core/Src/main.c:800:13:MX_TIM8_Init	96	static
../Core/Src/main.c:882:13:MX_TIM15_Init	40	static
../Core/Src/main.c:931:13:MX_TIM17_Init	8	static
../Core/Src/main.c:963:13:MX_USART3_UART_Init	8	static
../Core/Src/main.c:999:13:MX_GPIO_Init	48	static
../Core/Src/main.c:1064:6:HAL_UART_RxCpltCallback	16	static
../Core/Src/main.c:1086:6:HAL_TIM_IC_CaptureCallback	24	static
../Core/Src/main.c:1127:5:_write	32	static
../Core/Src/main.c:1140:6:Error_Handler	4	static
