../Core/Src/main.c:83:5:main	128	static
../Core/Src/main.c:211:6:SystemClock_Config	96	static
../Core/Src/main.c:259:6:PeriphCommonClock_Config	144	static
../Core/Src/main.c:285:13:MX_ADC1_Init	48	static
../Core/Src/main.c:352:13:MX_ADC2_Init	32	static
../Core/Src/main.c:410:13:MX_ADC3_Init	32	static
../Core/Src/main.c:468:13:MX_I2C2_Init	8	static
../Core/Src/main.c:516:13:MX_SPI3_Init	8	static
../Core/Src/main.c:556:13:MX_TIM1_Init	96	static
../Core/Src/main.c:642:13:MX_TIM2_Init	56	static
../Core/Src/main.c:691:13:MX_TIM3_Init	56	static
../Core/Src/main.c:740:13:MX_TIM4_Init	56	static
../Core/Src/main.c:789:13:MX_TIM5_Init	40	static
../Core/Src/main.c:841:13:MX_TIM8_Init	96	static
../Core/Src/main.c:923:13:MX_TIM15_Init	40	static
../Core/Src/main.c:977:13:MX_USART3_UART_Init	8	static
../Core/Src/main.c:1012:13:MX_GPIO_Init	48	static
../Core/Src/main.c:1061:6:HAL_TIM_IC_CaptureCallback	24	static
../Core/Src/main.c:1101:6:Error_Handler	4	static
